2024-06-21T08:40:20  docs: expand examples
2024-06-29T15:57:27  test: strengthen coverage
2024-07-31T10:14:34  chore: tune defaults
2024-09-02T17:31:41  refactor: simplify helper
2024-09-10T12:48:48  chore: routine maintenance
2024-10-13T19:05:55  docs: clarify usage notes
2024-10-28T14:22:02  test: add edge case
2024-11-30T09:39:09  refactor: tidy internals
2025-01-01T16:56:16  fix: handle empty input gracefully
2025-01-10T11:13:23  perf: micro-optimization
2025-02-11T18:30:30  style: formatting
2025-03-16T13:47:37  chore: bump dev tooling
2025-03-31T08:04:44  docs: expand examples
2025-05-03T15:21:51  test: strengthen coverage
2025-05-11T10:38:58  chore: tune defaults
2025-06-13T17:55:05  refactor: simplify helper
2025-07-15T12:12:12  chore: routine maintenance
2025-07-30T19:29:19  docs: clarify usage notes
2025-09-01T14:46:26  test: add edge case
2025-09-09T09:03:33  refactor: tidy internals
2025-10-12T16:20:40  fix: handle empty input gracefully
2025-11-13T11:37:47  perf: micro-optimization
